{
  "version": "1.5.0",
  "plugins_used": [
    {
      "name": "ArtifactoryDetector"
    },
    {
      "name": "AWSKeyDetector"
    },
    {
      "name": "AzureStorageKeyDetector"
    },
    {
      "name": "Base64HighEntropyString",
      "limit": 4.5
    },
    {
      "name": "BasicAuthDetector"
    },
    {
      "name": "CloudantDetector"
    },
    {
      "name": "DiscordBotTokenDetector"
    },
    {
      "name": "GitHubTokenDetector"
    },
    {
      "name": "GitLabTokenDetector"
    },
    {
      "name": "HexHighEntropyString",
      "limit": 3.0
    },
    {
      "name": "IbmCloudIamDetector"
    },
    {
      "name": "IbmCosHmacDetector"
    },
    {
      "name": "IPPublicDetector"
    },
    {
      "name": "JwtTokenDetector"
    },
    {
      "name": "KeywordDetector",
      "keyword_exclude": ""
    },
    {
      "name": "MailchimpDetector"
    },
    {
      "name": "NpmDetector"
    },
    {
      "name": "OpenAIDetector"
    },
    {
      "name": "PrivateKeyDetector"
    },
    {
      "name": "PypiTokenDetector"
    },
    {
      "name": "SendGridDetector"
    },
    {
      "name": "SlackDetector"
    },
    {
      "name": "SoftlayerDetector"
    },
    {
      "name": "SquareOAuthDetector"
    },
    {
      "name": "StripeDetector"
    },
    {
      "name": "TelegramBotTokenDetector"
    },
    {
      "name": "TwilioKeyDetector"
    }
  ],
  "filters_used": [
    {
      "path": "detect_secrets.filters.allowlist.is_line_allowlisted"
    },
    {
      "path": "detect_secrets.filters.common.is_baseline_file",
      "filename": ".secrets.baseline"
    },
    {
      "path": "detect_secrets.filters.common.is_ignored_due_to_verification_policies",
      "min_level": 2
    },
    {
      "path": "detect_secrets.filters.heuristic.is_indirect_reference"
    },
    {
      "path": "detect_secrets.filters.heuristic.is_likely_id_string"
    },
    {
      "path": "detect_secrets.filters.heuristic.is_lock_file"
    },
    {
      "path": "detect_secrets.filters.heuristic.is_not_alphanumeric_string"
    },
    {
      "path": "detect_secrets.filters.heuristic.is_potential_uuid"
    },
    {
      "path": "detect_secrets.filters.heuristic.is_prefixed_with_dollar_sign"
    },
    {
      "path": "detect_secrets.filters.heuristic.is_sequential_string"
    },
    {
      "path": "detect_secrets.filters.heuristic.is_swagger_file"
    },
    {
      "path": "detect_secrets.filters.heuristic.is_templated_secret"
    },
    {
      "path": "detect_secrets.filters.regex.should_exclude_file",
      "pattern": [
        "secrets/.*\\.sops$|hermes-agent/.*|uv\\.lock|\\.worktrees/.*"
      ]
    }
  ],
  "results": {
    ".github/workflows/ci.yml": [
      {
        "type": "Secret Keyword",
        "filename": ".github/workflows/ci.yml",
        "hashed_secret": "aeb5113a89fa1358c20c48e722aae15a93e913d8",
        "is_verified": false,
        "line_number": 412
      }
    ],
    ".sops.yaml": [
      {
        "type": "Base64 High Entropy String",
        "filename": ".sops.yaml",
        "hashed_secret": "a3d6f2324c446eea573eebe93bce142704289025",
        "is_verified": false,
        "line_number": 6
      }
    ],
    "audit/2026-05-19-resume-orchestration/wave-3-pr-roster.json": [
      {
        "type": "Hex High Entropy String",
        "filename": "audit/2026-05-19-resume-orchestration/wave-3-pr-roster.json",
        "hashed_secret": "6853269e54b4ab6556be22563208af8c2035f3dc",
        "is_verified": false,
        "line_number": 4
      },
      {
        "type": "Hex High Entropy String",
        "filename": "audit/2026-05-19-resume-orchestration/wave-3-pr-roster.json",
        "hashed_secret": "543401fa57b362d286b4818ad5ea9c9dfc02fc31",
        "is_verified": false,
        "line_number": 11
      },
      {
        "type": "Hex High Entropy String",
        "filename": "audit/2026-05-19-resume-orchestration/wave-3-pr-roster.json",
        "hashed_secret": "68e7799c9d5ae7d5966ec5d1ff52dbe69bc334fb",
        "is_verified": false,
        "line_number": 28
      },
      {
        "type": "Hex High Entropy String",
        "filename": "audit/2026-05-19-resume-orchestration/wave-3-pr-roster.json",
        "hashed_secret": "1dea555dac144d1d23e86dfadd91defa41d5c12c",
        "is_verified": false,
        "line_number": 46
      },
      {
        "type": "Hex High Entropy String",
        "filename": "audit/2026-05-19-resume-orchestration/wave-3-pr-roster.json",
        "hashed_secret": "e86c5d54695e22c1bbc5979b8c35ebdcdbb66a80",
        "is_verified": false,
        "line_number": 63
      },
      {
        "type": "Hex High Entropy String",
        "filename": "audit/2026-05-19-resume-orchestration/wave-3-pr-roster.json",
        "hashed_secret": "16f0f797c1c9bac26fb2d85473ef10e9127a64a0",
        "is_verified": false,
        "line_number": 74
      },
      {
        "type": "Hex High Entropy String",
        "filename": "audit/2026-05-19-resume-orchestration/wave-3-pr-roster.json",
        "hashed_secret": "015930d29407e9d2509a738aa5e159c68de9d1fe",
        "is_verified": false,
        "line_number": 84
      }
    ],
    "audit/2026-05-21-phase2-postgres/migrations.md": [
      {
        "type": "Secret Keyword",
        "filename": "audit/2026-05-21-phase2-postgres/migrations.md",
        "hashed_secret": "0f85ddc99b5f6ae0020a15ae760537ea86fc2ab7",
        "is_verified": false,
        "line_number": 127
      },
      {
        "type": "Basic Auth Credentials",
        "filename": "audit/2026-05-21-phase2-postgres/migrations.md",
        "hashed_secret": "a94a8fe5ccb19ba61c4c0873d391e987982fbbd3",
        "is_verified": false,
        "line_number": 544
      }
    ],
    "audit/2026-05-21-phase2-postgres/schema-baseline.md": [
      {
        "type": "Hex High Entropy String",
        "filename": "audit/2026-05-21-phase2-postgres/schema-baseline.md",
        "hashed_secret": "ef678205593788329ff416ce5c65fa04f33a05bd",
        "is_verified": false,
        "line_number": 220
      }
    ],
    "docs/conventions/new-repo-template.md": [
      {
        "type": "Secret Keyword",
        "filename": "docs/conventions/new-repo-template.md",
        "hashed_secret": "7412c9a7c0422671018108ef8bd343f341dc5b80",
        "is_verified": false,
        "line_number": 176
      },
      {
        "type": "Secret Keyword",
        "filename": "docs/conventions/new-repo-template.md",
        "hashed_secret": "e43f2a2e71c9184d4200ca60869134d2113e8006",
        "is_verified": false,
        "line_number": 176
      }
    ],
    "docs/superpowers/plans/2026-05-14-phase1-local-deployment.md": [
      {
        "type": "AWS Access Key",
        "filename": "docs/superpowers/plans/2026-05-14-phase1-local-deployment.md",
        "hashed_secret": "25910f981e85ca04baf359199dd0bd4a3ae738b6",
        "is_verified": false,
        "line_number": 2860
      },
      {
        "type": "GitHub Token",
        "filename": "docs/superpowers/plans/2026-05-14-phase1-local-deployment.md",
        "hashed_secret": "e175c6f5f2a92e8623bd9a4820edb4e8c1b0fd10",
        "is_verified": false,
        "line_number": 2863
      },
      {
        "type": "JSON Web Token",
        "filename": "docs/superpowers/plans/2026-05-14-phase1-local-deployment.md",
        "hashed_secret": "f1fb6becdc61282ab53f4f18b7183bb6d9fbc3c5",
        "is_verified": false,
        "line_number": 2864
      },
      {
        "type": "Private Key",
        "filename": "docs/superpowers/plans/2026-05-14-phase1-local-deployment.md",
        "hashed_secret": "be4fc4886bd949b369d5e092eb87494f12e57e5b",
        "is_verified": false,
        "line_number": 2866
      },
      {
        "type": "Base64 High Entropy String",
        "filename": "docs/superpowers/plans/2026-05-14-phase1-local-deployment.md",
        "hashed_secret": "5a492c43733844320dd4e44b7b1936022e5e113a",
        "is_verified": false,
        "line_number": 4979
      }
    ],
    "docs/superpowers/specs/2026-05-20-claude-gemini-gcp-orchestration-design.md": [
      {
        "type": "Secret Keyword",
        "filename": "docs/superpowers/specs/2026-05-20-claude-gemini-gcp-orchestration-design.md",
        "hashed_secret": "87db063a897f69c8e47e9dc92e5168998b43d1b9",
        "is_verified": false,
        "line_number": 392
      }
    ],
    "tests/unit/test_alert_payload_scrubbing.py": [
      {
        "type": "AWS Access Key",
        "filename": "tests/unit/test_alert_payload_scrubbing.py",
        "hashed_secret": "cb1d9a2e5c05d12c3db483591fa17cdccc04a58d",
        "is_verified": false,
        "line_number": 20
      },
      {
        "type": "Secret Keyword",
        "filename": "tests/unit/test_alert_payload_scrubbing.py",
        "hashed_secret": "cb1d9a2e5c05d12c3db483591fa17cdccc04a58d",
        "is_verified": false,
        "line_number": 39
      },
      {
        "type": "Secret Keyword",
        "filename": "tests/unit/test_alert_payload_scrubbing.py",
        "hashed_secret": "ab9be5ac820e09c15e5b372d531573176c1878dd",
        "is_verified": false,
        "line_number": 40
      }
    ],
    "tests/unit/test_scrubber.py": [
      {
        "type": "AWS Access Key",
        "filename": "tests/unit/test_scrubber.py",
        "hashed_secret": "25910f981e85ca04baf359199dd0bd4a3ae738b6",
        "is_verified": false,
        "line_number": 24
      },
      {
        "type": "GitHub Token",
        "filename": "tests/unit/test_scrubber.py",
        "hashed_secret": "e175c6f5f2a92e8623bd9a4820edb4e8c1b0fd10",
        "is_verified": false,
        "line_number": 27
      },
      {
        "type": "JSON Web Token",
        "filename": "tests/unit/test_scrubber.py",
        "hashed_secret": "f1fb6becdc61282ab53f4f18b7183bb6d9fbc3c5",
        "is_verified": false,
        "line_number": 29
      },
      {
        "type": "Private Key",
        "filename": "tests/unit/test_scrubber.py",
        "hashed_secret": "be4fc4886bd949b369d5e092eb87494f12e57e5b",
        "is_verified": false,
        "line_number": 33
      }
    ],
    "tests/unit/test_scrubber_callback.py": [
      {
        "type": "AWS Access Key",
        "filename": "tests/unit/test_scrubber_callback.py",
        "hashed_secret": "1546580bd47bb900ac2e0a57b35264560e880b22",
        "is_verified": false,
        "line_number": 59
      },
      {
        "type": "Base64 High Entropy String",
        "filename": "tests/unit/test_scrubber_callback.py",
        "hashed_secret": "19aa862998cae30ba9ba448687b6cb8d867b9e42",
        "is_verified": false,
        "line_number": 85
      },
      {
        "type": "Secret Keyword",
        "filename": "tests/unit/test_scrubber_callback.py",
        "hashed_secret": "1546580bd47bb900ac2e0a57b35264560e880b22",
        "is_verified": false,
        "line_number": 94
      }
    ]
  },
  "generated_at": "2026-05-28T10:18:20Z"
}
